// Jest Snapshot v1, https://goo.gl/fbAQLP

exports[`should handle addExpense 1`] = `
<div
  className="content"
>
  <div
    className="page-header"
  >
    <div
      className="content-container"
    >
      <h1
        className="page-header__title"
      >
        Add Expense
      </h1>
    </div>
  </div>
  <div
    className="content-container card"
  >
    <ExpenseForm
      onSubmit={[Function]}
    />
  </div>
</div>
`;

exports[`should render AddExpense correctly 1`] = `
<div
  className="content"
>
  <div
    className="page-header"
  >
    <div
      className="content-container"
    >
      <h1
        className="page-header__title"
      >
        Add Expense
      </h1>
    </div>
  </div>
  <div
    className="content-container card"
  >
    <ExpenseForm
      onSubmit={[Function]}
    />
  </div>
</div>
`;
